// Jest Snapshot v1, https://goo.gl/fbAQLP

exports[`Tests over <MultipleCustomHooks /> should be displayed correctly 1`] = `
<div>
  <h1>
    Breaking Bad Quotes
  </h1>
  <hr />
  <div
    className="alert alert-info text-center"
  >
    Loading...
  </div>
</div>
`;
