// Jest Snapshot v1, https://goo.gl/fbAQLP

exports[`Test over <HookApp /> Should match HookApp with snapshot 1`] = `
<div>
  <h1>
    Hola mundo uwu
  </h1>
</div>
`;
