// Jest Snapshot v1, https://goo.gl/fbAQLP

exports[`<AppRouter /> tests should be displayed correctly 1`] = `
<div>
  <nav
    className="navbar navbar-expand-sm navbar-dark bg-dark"
  >
    <a
      className="navbar-brand"
    >
       useContext 
    </a>
    <div
      className="collapse navbar-collapse"
      id="navbarNavAltMarkup"
    >
      <div
        className="navbar-nav"
      >
        <a
          aria-current="page"
          className="nav-link active"
          exact="true"
          href="/"
          onClick={[Function]}
        >
           Home 
        </a>
        <a
          className="nav-link"
          exact="true"
          href="/about"
          onClick={[Function]}
        >
           About 
        </a>
        <a
          className="nav-link"
          exact="true"
          href="/login"
          onClick={[Function]}
        >
           Login 
        </a>
      </div>
    </div>
  </nav>
  <div
    className="container"
  >
    <div>
      <h1>
        HomeScreen
      </h1>
      <hr />
      <pre>
        {
   "id": 4,
   "name": "Francisco"
}
      </pre>
    </div>
  </div>
</div>
`;
