// Jest Snapshot v1, https://goo.gl/fbAQLP

exports[`<HomeScreen /> tests should be displayed correctly 1`] = `
<div>
  <h1>
    HomeScreen
  </h1>
  <hr />
  <pre>
    {
   "name": "EliasUwU",
   "email": "elias@example.com"
}
  </pre>
</div>
`;
